10:40:51.000 [main] INFO  api.test.UserTest - ******* Creating User *********
10:40:55.154 [main] INFO  api.test.UserTest - ******* User is created *********
10:40:55.173 [main] INFO  api.test.UserTest - ******* Reading User Info *********
10:40:56.403 [main] INFO  api.test.UserTest - ******* User info is displayed *********
10:40:56.423 [main] INFO  api.test.UserTest - ******* Updating User *********
10:40:58.963 [main] INFO  api.test.UserTest - ******* User is updated *********
10:40:58.988 [main] INFO  api.test.UserTest - ******* Deleting User *********
10:41:00.167 [main] INFO  api.test.UserTest - ******* User deleted *********
10:41:00.249 [main] INFO  api.test.PetTest - ******* Creating Pet *********
10:41:01.499 [main] INFO  api.test.PetTest - ******* Pet is created *********
10:41:01.506 [main] INFO  api.test.PetTest - ******* Reading Pet Info *********
10:41:02.890 [main] INFO  api.test.PetTest - ******* Pet Info found *********
10:41:02.895 [main] INFO  api.test.PetTest - ******* Updating Pet Name *********
10:41:04.155 [main] INFO  api.test.PetTest - ******* Pet name is updated *********
10:41:04.167 [main] INFO  api.test.PetTest - ******* Deleting Pet *********
10:41:05.318 [main] INFO  api.test.PetTest - ******* Pet deleted *********
10:41:39.511 [main] INFO  api.test.UserTest - ******* Creating User *********
10:41:43.873 [main] INFO  api.test.UserTest - ******* User is created *********
10:41:43.916 [main] INFO  api.test.UserTest - ******* Reading User Info *********
10:41:45.261 [main] INFO  api.test.UserTest - ******* User info is displayed *********
10:41:45.288 [main] INFO  api.test.UserTest - ******* Updating User *********
10:41:47.908 [main] INFO  api.test.UserTest - ******* User is updated *********
10:41:47.934 [main] INFO  api.test.UserTest - ******* Deleting User *********
10:41:49.097 [main] INFO  api.test.UserTest - ******* User deleted *********
10:41:49.184 [main] INFO  api.test.PetTest - ******* Creating Pet *********
10:41:50.576 [main] INFO  api.test.PetTest - ******* Pet is created *********
10:41:50.587 [main] INFO  api.test.PetTest - ******* Reading Pet Info *********
10:41:51.922 [main] INFO  api.test.PetTest - ******* Pet Info found *********
10:41:51.939 [main] INFO  api.test.PetTest - ******* Updating Pet Name *********
10:41:53.149 [main] INFO  api.test.PetTest - ******* Pet name is updated *********
10:41:53.164 [main] INFO  api.test.PetTest - ******* Deleting Pet *********
10:41:54.384 [main] INFO  api.test.PetTest - ******* Pet deleted *********
